// Jest Snapshot v1, https://goo.gl/fbAQLP

exports[`Footer renders matching snapshot 1`] = `
<Footer>
  Â© Luna
</Footer>
`;
